[2024-02-07T08:29:39.748+0000][gc,init] CardTable entry size: 512
[2024-02-07T08:29:39.748+0000][gc     ] Using G1
[2024-02-07T08:29:39.764+0000][gc,init] Version: 21.0.1+12-LTS (release)
[2024-02-07T08:29:39.764+0000][gc,init] CPUs: 2 total, 2 available
[2024-02-07T08:29:39.764+0000][gc,init] Memory: 7929M
[2024-02-07T08:29:39.764+0000][gc,init] Large Page Support: Disabled
[2024-02-07T08:29:39.764+0000][gc,init] NUMA Support: Disabled
[2024-02-07T08:29:39.764+0000][gc,init] Compressed Oops: Enabled (32-bit)
[2024-02-07T08:29:39.764+0000][gc,init] Heap Region Size: 1M
[2024-02-07T08:29:39.764+0000][gc,init] Heap Min Capacity: 1G
[2024-02-07T08:29:39.764+0000][gc,init] Heap Initial Capacity: 1G
[2024-02-07T08:29:39.764+0000][gc,init] Heap Max Capacity: 1G
[2024-02-07T08:29:39.764+0000][gc,init] Pre-touch: Disabled
[2024-02-07T08:29:39.764+0000][gc,init] Parallel Workers: 2
[2024-02-07T08:29:39.764+0000][gc,init] Concurrent Workers: 1
[2024-02-07T08:29:39.764+0000][gc,init] Concurrent Refinement Workers: 2
[2024-02-07T08:29:39.764+0000][gc,init] Periodic GC: Disabled
[2024-02-07T08:29:39.772+0000][gc,metaspace] CDS archive(s) mapped at: [0x00007f4893000000-0x00007f4893ca8000-0x00007f4893ca8000), size 13271040, SharedBaseAddress: 0x00007f4893000000, ArchiveRelocationMode: 1.
[2024-02-07T08:29:39.772+0000][gc,metaspace] Compressed class space mapped at: 0x00007f4894000000-0x00007f48d4000000, reserved size: 1073741824
[2024-02-07T08:29:39.772+0000][gc,metaspace] Narrow klass base: 0x00007f4893000000, Narrow klass shift: 0, Narrow klass range: 0x100000000
[2024-02-07T08:29:41.671+0000][gc,start    ] GC(0) Pause Young (Normal) (G1 Evacuation Pause)
[2024-02-07T08:29:41.672+0000][gc,task     ] GC(0) Using 2 workers of 2 for evacuation
[2024-02-07T08:29:41.683+0000][gc,phases   ] GC(0)   Pre Evacuate Collection Set: 0.1ms
[2024-02-07T08:29:41.683+0000][gc,phases   ] GC(0)   Merge Heap Roots: 0.1ms
[2024-02-07T08:29:41.683+0000][gc,phases   ] GC(0)   Evacuate Collection Set: 9.9ms
[2024-02-07T08:29:41.683+0000][gc,phases   ] GC(0)   Post Evacuate Collection Set: 0.5ms
[2024-02-07T08:29:41.683+0000][gc,phases   ] GC(0)   Other: 0.3ms
[2024-02-07T08:29:41.683+0000][gc,heap     ] GC(0) Eden regions: 51->0(44)
[2024-02-07T08:29:41.683+0000][gc,heap     ] GC(0) Survivor regions: 0->7(7)
[2024-02-07T08:29:41.683+0000][gc,heap     ] GC(0) Old regions: 2->2
[2024-02-07T08:29:41.683+0000][gc,heap     ] GC(0) Humongous regions: 0->0
[2024-02-07T08:29:41.683+0000][gc,metaspace] GC(0) Metaspace: 19801K(20032K)->19801K(20032K) NonClass: 17250K(17344K)->17250K(17344K) Class: 2551K(2688K)->2551K(2688K)
[2024-02-07T08:29:41.683+0000][gc          ] GC(0) Pause Young (Normal) (G1 Evacuation Pause) 52M->8M(1024M) 11.341ms
[2024-02-07T08:29:41.683+0000][gc,cpu      ] GC(0) User=0.02s Sys=0.00s Real=0.01s
[2024-02-07T08:29:41.862+0000][gc,start    ] GC(1) Pause Young (Concurrent Start) (Metadata GC Threshold)
[2024-02-07T08:29:41.862+0000][gc,task     ] GC(1) Using 2 workers of 2 for evacuation
[2024-02-07T08:29:41.871+0000][gc,phases   ] GC(1)   Pre Evacuate Collection Set: 0.1ms
[2024-02-07T08:29:41.871+0000][gc,phases   ] GC(1)   Merge Heap Roots: 0.0ms
[2024-02-07T08:29:41.872+0000][gc,phases   ] GC(1)   Evacuate Collection Set: 8.6ms
[2024-02-07T08:29:41.872+0000][gc,phases   ] GC(1)   Post Evacuate Collection Set: 0.5ms
[2024-02-07T08:29:41.872+0000][gc,phases   ] GC(1)   Other: 0.1ms
[2024-02-07T08:29:41.872+0000][gc,heap     ] GC(1) Eden regions: 7->0(50)
[2024-02-07T08:29:41.872+0000][gc,heap     ] GC(1) Survivor regions: 7->1(7)
[2024-02-07T08:29:41.872+0000][gc,heap     ] GC(1) Old regions: 2->10
[2024-02-07T08:29:41.872+0000][gc,heap     ] GC(1) Humongous regions: 129->129
[2024-02-07T08:29:41.872+0000][gc,metaspace] GC(1) Metaspace: 21267K(21504K)->21267K(21504K) NonClass: 18511K(18624K)->18511K(18624K) Class: 2756K(2880K)->2756K(2880K)
[2024-02-07T08:29:41.872+0000][gc          ] GC(1) Pause Young (Concurrent Start) (Metadata GC Threshold) 143M->138M(1024M) 9.511ms
[2024-02-07T08:29:41.872+0000][gc,cpu      ] GC(1) User=0.01s Sys=0.01s Real=0.01s
[2024-02-07T08:29:41.872+0000][gc          ] GC(2) Concurrent Mark Cycle
[2024-02-07T08:29:41.872+0000][gc,marking  ] GC(2) Concurrent Scan Root Regions
[2024-02-07T08:29:41.877+0000][gc,marking  ] GC(2) Concurrent Scan Root Regions 5.209ms
[2024-02-07T08:29:41.877+0000][gc,marking  ] GC(2) Concurrent Mark
[2024-02-07T08:29:41.877+0000][gc,marking  ] GC(2) Concurrent Mark From Roots
[2024-02-07T08:29:41.877+0000][gc,task     ] GC(2) Using 1 workers of 1 for marking
[2024-02-07T08:29:41.880+0000][gc,marking  ] GC(2) Concurrent Mark From Roots 2.694ms
[2024-02-07T08:29:41.880+0000][gc,marking  ] GC(2) Concurrent Preclean
[2024-02-07T08:29:41.880+0000][gc,marking  ] GC(2) Concurrent Preclean 0.027ms
[2024-02-07T08:29:41.880+0000][gc,start    ] GC(2) Pause Remark
[2024-02-07T08:29:41.883+0000][gc          ] GC(2) Pause Remark 139M->139M(1024M) 2.866ms
[2024-02-07T08:29:41.883+0000][gc,cpu      ] GC(2) User=0.00s Sys=0.00s Real=0.00s
[2024-02-07T08:29:41.883+0000][gc,marking  ] GC(2) Concurrent Mark 5.963ms
[2024-02-07T08:29:41.883+0000][gc,marking  ] GC(2) Concurrent Rebuild Remembered Sets and Scrub Regions
[2024-02-07T08:29:41.887+0000][gc,marking  ] GC(2) Concurrent Rebuild Remembered Sets and Scrub Regions 3.682ms
[2024-02-07T08:29:41.887+0000][gc,start    ] GC(2) Pause Cleanup
[2024-02-07T08:29:41.887+0000][gc          ] GC(2) Pause Cleanup 139M->139M(1024M) 0.148ms
[2024-02-07T08:29:41.887+0000][gc,cpu      ] GC(2) User=0.00s Sys=0.00s Real=0.00s
[2024-02-07T08:29:41.887+0000][gc,marking  ] GC(2) Concurrent Clear Claimed Marks
[2024-02-07T08:29:41.887+0000][gc,marking  ] GC(2) Concurrent Clear Claimed Marks 0.049ms
[2024-02-07T08:29:41.887+0000][gc,marking  ] GC(2) Concurrent Cleanup for Next Mark
[2024-02-07T08:29:41.902+0000][gc,marking  ] GC(2) Concurrent Cleanup for Next Mark 14.936ms
[2024-02-07T08:29:41.903+0000][gc          ] GC(2) Concurrent Mark Cycle 30.775ms
[2024-02-07T08:30:58.722+0000][gc,start    ] GC(3) Pause Young (Prepare Mixed) (G1 Evacuation Pause)
[2024-02-07T08:30:58.722+0000][gc,task     ] GC(3) Using 2 workers of 2 for evacuation
[2024-02-07T08:30:58.729+0000][gc,phases   ] GC(3)   Pre Evacuate Collection Set: 0.1ms
[2024-02-07T08:30:58.729+0000][gc,phases   ] GC(3)   Merge Heap Roots: 0.0ms
[2024-02-07T08:30:58.729+0000][gc,phases   ] GC(3)   Evacuate Collection Set: 5.8ms
[2024-02-07T08:30:58.729+0000][gc,phases   ] GC(3)   Post Evacuate Collection Set: 0.4ms
[2024-02-07T08:30:58.729+0000][gc,phases   ] GC(3)   Other: 0.1ms
[2024-02-07T08:30:58.729+0000][gc,heap     ] GC(3) Eden regions: 50->0(45)
[2024-02-07T08:30:58.729+0000][gc,heap     ] GC(3) Survivor regions: 1->6(7)
[2024-02-07T08:30:58.729+0000][gc,heap     ] GC(3) Old regions: 10->10
[2024-02-07T08:30:58.729+0000][gc,heap     ] GC(3) Humongous regions: 129->129
[2024-02-07T08:30:58.729+0000][gc,metaspace] GC(3) Metaspace: 33563K(33920K)->33563K(33920K) NonClass: 29633K(29824K)->29633K(29824K) Class: 3930K(4096K)->3930K(4096K)
[2024-02-07T08:30:58.729+0000][gc          ] GC(3) Pause Young (Prepare Mixed) (G1 Evacuation Pause) 188M->142M(1024M) 6.728ms
[2024-02-07T08:30:58.729+0000][gc,cpu      ] GC(3) User=0.01s Sys=0.00s Real=0.01s
[2024-02-07T08:33:25.675+0000][gc,start    ] GC(4) Pause Young (Mixed) (Metadata GC Threshold)
[2024-02-07T08:33:25.675+0000][gc,task     ] GC(4) Using 2 workers of 2 for evacuation
[2024-02-07T08:33:25.682+0000][gc,phases   ] GC(4)   Pre Evacuate Collection Set: 0.1ms
[2024-02-07T08:33:25.682+0000][gc,phases   ] GC(4)   Merge Heap Roots: 0.0ms
[2024-02-07T08:33:25.682+0000][gc,phases   ] GC(4)   Evacuate Collection Set: 6.3ms
[2024-02-07T08:33:25.682+0000][gc,phases   ] GC(4)   Post Evacuate Collection Set: 0.4ms
[2024-02-07T08:33:25.682+0000][gc,phases   ] GC(4)   Other: 0.1ms
[2024-02-07T08:33:25.682+0000][gc,heap     ] GC(4) Eden regions: 12->0(50)
[2024-02-07T08:33:25.682+0000][gc,heap     ] GC(4) Survivor regions: 6->1(7)
[2024-02-07T08:33:25.682+0000][gc,heap     ] GC(4) Old regions: 10->14
[2024-02-07T08:33:25.682+0000][gc,heap     ] GC(4) Humongous regions: 129->129
[2024-02-07T08:33:25.682+0000][gc,metaspace] GC(4) Metaspace: 35558K(35968K)->35558K(35968K) NonClass: 31343K(31552K)->31343K(31552K) Class: 4214K(4416K)->4214K(4416K)
[2024-02-07T08:33:25.682+0000][gc          ] GC(4) Pause Young (Mixed) (Metadata GC Threshold) 154M->143M(1024M) 7.155ms
[2024-02-07T08:33:25.682+0000][gc,cpu      ] GC(4) User=0.01s Sys=0.01s Real=0.00s
[2024-02-07T08:33:25.698+0000][gc,start    ] GC(5) Pause Young (Concurrent Start) (Metadata GC Threshold)
[2024-02-07T08:33:25.699+0000][gc,task     ] GC(5) Using 2 workers of 2 for evacuation
[2024-02-07T08:33:25.701+0000][gc,phases   ] GC(5)   Pre Evacuate Collection Set: 0.1ms
[2024-02-07T08:33:25.701+0000][gc,phases   ] GC(5)   Merge Heap Roots: 0.0ms
[2024-02-07T08:33:25.701+0000][gc,phases   ] GC(5)   Evacuate Collection Set: 1.9ms
[2024-02-07T08:33:25.701+0000][gc,phases   ] GC(5)   Post Evacuate Collection Set: 0.4ms
[2024-02-07T08:33:25.701+0000][gc,phases   ] GC(5)   Other: 0.1ms
[2024-02-07T08:33:25.701+0000][gc,heap     ] GC(5) Eden regions: 1->0(50)
[2024-02-07T08:33:25.701+0000][gc,heap     ] GC(5) Survivor regions: 1->1(7)
[2024-02-07T08:33:25.701+0000][gc,heap     ] GC(5) Old regions: 14->14
[2024-02-07T08:33:25.701+0000][gc,heap     ] GC(5) Humongous regions: 129->129
[2024-02-07T08:33:25.701+0000][gc,metaspace] GC(5) Metaspace: 35862K(36288K)->35862K(36288K) NonClass: 31595K(31808K)->31595K(31808K) Class: 4267K(4480K)->4267K(4480K)
[2024-02-07T08:33:25.701+0000][gc          ] GC(5) Pause Young (Concurrent Start) (Metadata GC Threshold) 144M->143M(1024M) 2.905ms
[2024-02-07T08:33:25.701+0000][gc,cpu      ] GC(5) User=0.00s Sys=0.00s Real=0.00s
[2024-02-07T08:33:25.701+0000][gc          ] GC(6) Concurrent Mark Cycle
[2024-02-07T08:33:25.702+0000][gc,marking  ] GC(6) Concurrent Scan Root Regions
[2024-02-07T08:33:25.702+0000][gc,marking  ] GC(6) Concurrent Scan Root Regions 0.901ms
[2024-02-07T08:33:25.703+0000][gc,marking  ] GC(6) Concurrent Mark
[2024-02-07T08:33:25.703+0000][gc,marking  ] GC(6) Concurrent Mark From Roots
[2024-02-07T08:33:25.703+0000][gc,task     ] GC(6) Using 1 workers of 1 for marking
[2024-02-07T08:33:25.723+0000][gc,marking  ] GC(6) Concurrent Mark From Roots 20.873ms
[2024-02-07T08:33:25.723+0000][gc,marking  ] GC(6) Concurrent Preclean
[2024-02-07T08:33:25.724+0000][gc,marking  ] GC(6) Concurrent Preclean 0.073ms
[2024-02-07T08:33:25.724+0000][gc,start    ] GC(6) Pause Remark
[2024-02-07T08:33:25.728+0000][gc          ] GC(6) Pause Remark 144M->144M(1024M) 4.243ms
[2024-02-07T08:33:25.728+0000][gc,cpu      ] GC(6) User=0.01s Sys=0.00s Real=0.01s
[2024-02-07T08:33:25.728+0000][gc,marking  ] GC(6) Concurrent Mark 25.488ms
[2024-02-07T08:33:25.728+0000][gc,marking  ] GC(6) Concurrent Rebuild Remembered Sets and Scrub Regions
[2024-02-07T08:33:25.733+0000][gc,marking  ] GC(6) Concurrent Rebuild Remembered Sets and Scrub Regions 5.041ms
[2024-02-07T08:33:25.733+0000][gc,start    ] GC(6) Pause Cleanup
[2024-02-07T08:33:25.733+0000][gc          ] GC(6) Pause Cleanup 144M->144M(1024M) 0.152ms
[2024-02-07T08:33:25.733+0000][gc,cpu      ] GC(6) User=0.00s Sys=0.00s Real=0.00s
[2024-02-07T08:33:25.734+0000][gc,marking  ] GC(6) Concurrent Clear Claimed Marks
[2024-02-07T08:33:25.734+0000][gc,marking  ] GC(6) Concurrent Clear Claimed Marks 0.041ms
[2024-02-07T08:33:25.734+0000][gc,marking  ] GC(6) Concurrent Cleanup for Next Mark
[2024-02-07T08:33:25.736+0000][gc,marking  ] GC(6) Concurrent Cleanup for Next Mark 2.089ms
[2024-02-07T08:33:25.736+0000][gc          ] GC(6) Concurrent Mark Cycle 34.317ms
[2024-02-07T08:44:41.100+0000][gc,start    ] GC(7) Pause Young (Prepare Mixed) (G1 Evacuation Pause)
[2024-02-07T08:44:41.104+0000][gc,task     ] GC(7) Using 2 workers of 2 for evacuation
[2024-02-07T08:44:41.125+0000][gc,mmu      ] GC(7) MMU target violated: 21.0ms (20.0ms/21.0ms)
[2024-02-07T08:44:41.125+0000][gc,phases   ] GC(7)   Pre Evacuate Collection Set: 0.8ms
[2024-02-07T08:44:41.125+0000][gc,phases   ] GC(7)   Merge Heap Roots: 0.1ms
[2024-02-07T08:44:41.125+0000][gc,phases   ] GC(7)   Evacuate Collection Set: 16.6ms
[2024-02-07T08:44:41.125+0000][gc,phases   ] GC(7)   Post Evacuate Collection Set: 4.1ms
[2024-02-07T08:44:41.125+0000][gc,phases   ] GC(7)   Other: 0.2ms
[2024-02-07T08:44:41.125+0000][gc,heap     ] GC(7) Eden regions: 50->0(47)
[2024-02-07T08:44:41.125+0000][gc,heap     ] GC(7) Survivor regions: 1->4(7)
[2024-02-07T08:44:41.125+0000][gc,heap     ] GC(7) Old regions: 14->14
[2024-02-07T08:44:41.125+0000][gc,heap     ] GC(7) Humongous regions: 129->129
[2024-02-07T08:44:41.125+0000][gc,metaspace] GC(7) Metaspace: 39123K(39616K)->39123K(39616K) NonClass: 34520K(34816K)->34520K(34816K) Class: 4603K(4800K)->4603K(4800K)
[2024-02-07T08:44:41.126+0000][gc          ] GC(7) Pause Young (Prepare Mixed) (G1 Evacuation Pause) 193M->145M(1024M) 25.188ms
[2024-02-07T08:44:41.126+0000][gc,cpu      ] GC(7) User=0.01s Sys=0.00s Real=0.03s
[2024-02-07T08:58:28.849+0000][gc,start    ] GC(8) Pause Young (Mixed) (G1 Evacuation Pause)
[2024-02-07T08:58:28.849+0000][gc,task     ] GC(8) Using 2 workers of 2 for evacuation
[2024-02-07T08:58:28.857+0000][gc,phases   ] GC(8)   Pre Evacuate Collection Set: 0.1ms
[2024-02-07T08:58:28.857+0000][gc,phases   ] GC(8)   Merge Heap Roots: 0.1ms
[2024-02-07T08:58:28.857+0000][gc,phases   ] GC(8)   Evacuate Collection Set: 7.2ms
[2024-02-07T08:58:28.857+0000][gc,phases   ] GC(8)   Post Evacuate Collection Set: 0.5ms
[2024-02-07T08:58:28.857+0000][gc,phases   ] GC(8)   Other: 0.1ms
[2024-02-07T08:58:28.858+0000][gc,heap     ] GC(8) Eden regions: 47->0(47)
[2024-02-07T08:58:28.858+0000][gc,heap     ] GC(8) Survivor regions: 4->4(7)
[2024-02-07T08:58:28.858+0000][gc,heap     ] GC(8) Old regions: 14->14
[2024-02-07T08:58:28.858+0000][gc,heap     ] GC(8) Humongous regions: 129->129
[2024-02-07T08:58:28.858+0000][gc,metaspace] GC(8) Metaspace: 39605K(40128K)->39605K(40128K) NonClass: 34981K(35264K)->34981K(35264K) Class: 4624K(4864K)->4624K(4864K)
[2024-02-07T08:58:28.858+0000][gc          ] GC(8) Pause Young (Mixed) (G1 Evacuation Pause) 192M->146M(1024M) 8.371ms
[2024-02-07T08:58:28.858+0000][gc,cpu      ] GC(8) User=0.01s Sys=0.00s Real=0.01s
[2024-02-07T09:15:00.451+0000][gc,start    ] GC(9) Pause Young (Normal) (G1 Evacuation Pause)
[2024-02-07T09:15:00.457+0000][gc,task     ] GC(9) Using 2 workers of 2 for evacuation
[2024-02-07T09:15:00.484+0000][gc,mmu      ] GC(9) MMU target violated: 21.0ms (20.0ms/21.0ms)
[2024-02-07T09:15:00.484+0000][gc,phases   ] GC(9)   Pre Evacuate Collection Set: 0.1ms
[2024-02-07T09:15:00.484+0000][gc,phases   ] GC(9)   Merge Heap Roots: 0.2ms
[2024-02-07T09:15:00.484+0000][gc,phases   ] GC(9)   Evacuate Collection Set: 25.7ms
[2024-02-07T09:15:00.484+0000][gc,phases   ] GC(9)   Post Evacuate Collection Set: 0.8ms
[2024-02-07T09:15:00.484+0000][gc,phases   ] GC(9)   Other: 0.4ms
[2024-02-07T09:15:00.484+0000][gc,heap     ] GC(9) Eden regions: 47->0(47)
[2024-02-07T09:15:00.484+0000][gc,heap     ] GC(9) Survivor regions: 4->4(7)
[2024-02-07T09:15:00.484+0000][gc,heap     ] GC(9) Old regions: 14->14
[2024-02-07T09:15:00.484+0000][gc,heap     ] GC(9) Humongous regions: 129->129
[2024-02-07T09:15:00.484+0000][gc,metaspace] GC(9) Metaspace: 39711K(40256K)->39711K(40256K) NonClass: 35086K(35392K)->35086K(35392K) Class: 4624K(4864K)->4624K(4864K)
[2024-02-07T09:15:00.484+0000][gc          ] GC(9) Pause Young (Normal) (G1 Evacuation Pause) 193M->146M(1024M) 32.653ms
[2024-02-07T09:15:00.484+0000][gc,cpu      ] GC(9) User=0.01s Sys=0.00s Real=0.03s
[2024-02-07T09:32:08.849+0000][gc,start    ] GC(10) Pause Young (Normal) (G1 Evacuation Pause)
[2024-02-07T09:32:08.853+0000][gc,task     ] GC(10) Using 2 workers of 2 for evacuation
[2024-02-07T09:32:08.860+0000][gc,phases   ] GC(10)   Pre Evacuate Collection Set: 0.1ms
[2024-02-07T09:32:08.860+0000][gc,phases   ] GC(10)   Merge Heap Roots: 0.1ms
[2024-02-07T09:32:08.860+0000][gc,phases   ] GC(10)   Evacuate Collection Set: 5.6ms
[2024-02-07T09:32:08.860+0000][gc,phases   ] GC(10)   Post Evacuate Collection Set: 0.4ms
[2024-02-07T09:32:08.860+0000][gc,phases   ] GC(10)   Other: 0.2ms
[2024-02-07T09:32:08.860+0000][gc,heap     ] GC(10) Eden regions: 47->0(47)
[2024-02-07T09:32:08.860+0000][gc,heap     ] GC(10) Survivor regions: 4->4(7)
[2024-02-07T09:32:08.860+0000][gc,heap     ] GC(10) Old regions: 14->14
[2024-02-07T09:32:08.860+0000][gc,heap     ] GC(10) Humongous regions: 129->129
[2024-02-07T09:32:08.860+0000][gc,metaspace] GC(10) Metaspace: 39816K(40320K)->39816K(40320K) NonClass: 35186K(35456K)->35186K(35456K) Class: 4629K(4864K)->4629K(4864K)
[2024-02-07T09:32:08.860+0000][gc          ] GC(10) Pause Young (Normal) (G1 Evacuation Pause) 193M->146M(1024M) 11.021ms
[2024-02-07T09:32:08.860+0000][gc,cpu      ] GC(10) User=0.01s Sys=0.00s Real=0.01s
[2024-02-07T09:55:13.849+0000][gc,start    ] GC(11) Pause Young (Normal) (G1 Evacuation Pause)
[2024-02-07T09:55:13.908+0000][gc,task     ] GC(11) Using 2 workers of 2 for evacuation
[2024-02-07T09:55:13.931+0000][gc,mmu      ] GC(11) MMU target violated: 21.0ms (20.0ms/21.0ms)
[2024-02-07T09:55:13.931+0000][gc,phases   ] GC(11)   Pre Evacuate Collection Set: 0.2ms
[2024-02-07T09:55:13.931+0000][gc,phases   ] GC(11)   Merge Heap Roots: 0.1ms
[2024-02-07T09:55:13.931+0000][gc,phases   ] GC(11)   Evacuate Collection Set: 6.8ms
[2024-02-07T09:55:13.931+0000][gc,phases   ] GC(11)   Post Evacuate Collection Set: 0.4ms
[2024-02-07T09:55:13.931+0000][gc,phases   ] GC(11)   Other: 42.0ms
[2024-02-07T09:55:13.931+0000][gc,heap     ] GC(11) Eden regions: 47->0(47)
[2024-02-07T09:55:13.931+0000][gc,heap     ] GC(11) Survivor regions: 4->4(7)
[2024-02-07T09:55:13.931+0000][gc,heap     ] GC(11) Old regions: 14->14
[2024-02-07T09:55:13.931+0000][gc,heap     ] GC(11) Humongous regions: 129->129
[2024-02-07T09:55:13.931+0000][gc,metaspace] GC(11) Metaspace: 39858K(40384K)->39858K(40384K) NonClass: 35228K(35520K)->35228K(35520K) Class: 4629K(4864K)->4629K(4864K)
[2024-02-07T09:55:13.931+0000][gc          ] GC(11) Pause Young (Normal) (G1 Evacuation Pause) 193M->146M(1024M) 82.286ms
[2024-02-07T09:55:13.931+0000][gc,cpu      ] GC(11) User=0.01s Sys=0.00s Real=0.08s
