[2024-02-11T09:27:15.705+0000][gc,heap] Heap region size: 1M
[2024-02-11T09:27:15.733+0000][gc     ] Using G1
[2024-02-11T09:27:15.733+0000][gc,heap,coops] Heap address: 0x00000000e0000000, size: 512 MB, Compressed Oops mode: 32-bit
[2024-02-11T09:27:15.733+0000][gc,cds       ] Mark closed archive regions in map: [0x00000000fff00000, 0x00000000fff6bff8]
[2024-02-11T09:27:15.733+0000][gc,cds       ] Mark open archive regions in map: [0x00000000ffe00000, 0x00000000ffe47ff8]
[2024-02-11T09:27:37.452+0000][gc,start     ] GC(0) Pause Young (Normal) (G1 Evacuation Pause)
[2024-02-11T09:27:37.452+0000][gc,task      ] GC(0) Using 2 workers of 2 for evacuation
[2024-02-11T09:27:37.462+0000][gc,phases    ] GC(0)   Pre Evacuate Collection Set: 0.0ms
[2024-02-11T09:27:37.462+0000][gc,phases    ] GC(0)   Evacuate Collection Set: 9.4ms
[2024-02-11T09:27:37.462+0000][gc,phases    ] GC(0)   Post Evacuate Collection Set: 0.2ms
[2024-02-11T09:27:37.462+0000][gc,phases    ] GC(0)   Other: 0.5ms
[2024-02-11T09:27:37.462+0000][gc,heap      ] GC(0) Eden regions: 25->0(21)
[2024-02-11T09:27:37.462+0000][gc,heap      ] GC(0) Survivor regions: 0->4(4)
[2024-02-11T09:27:37.462+0000][gc,heap      ] GC(0) Old regions: 2->4
[2024-02-11T09:27:37.462+0000][gc,heap      ] GC(0) Humongous regions: 0->0
[2024-02-11T09:27:37.462+0000][gc,metaspace ] GC(0) Metaspace: 7815K(8192K)->7815K(8192K) NonClass: 6930K(7168K)->6930K(7168K) Class: 884K(1024K)->884K(1024K)
[2024-02-11T09:27:37.462+0000][gc           ] GC(0) Pause Young (Normal) (G1 Evacuation Pause) 25M->6M(512M) 10.339ms
[2024-02-11T09:27:37.462+0000][gc,cpu       ] GC(0) User=0.01s Sys=0.01s Real=0.01s
